
Memory Configuration

Name             Origin             Length             Attributes
vexriscv_debug   0x00000000f00f0000 0x0000000000000100
dff              0x0000000000000000 0x0000000000000400
dff2             0x0000000000000400 0x0000000000000200
flash            0x0000000010000000 0x0000000001000000
mprj             0x0000000030000000 0x0000000000100000
mprjram          0x0000000038000000 0x0000000000400000
inputdata        0x0000000038400000 0x0000000000001000
outputdata       0x0000000038401000 0x0000000000001000
hk               0x0000000026000000 0x0000000000100000
csr              0x00000000f0000000 0x0000000000010000
*default*        0x0000000000000000 0xffffffffffffffff

Linker script and memory map

                0x0000000000000000                __DYNAMIC = 0x0

.text           0x0000000010000000      0x358
                0x0000000010000000                _ftext = .
 *crt0*(.text)
 .text          0x0000000010000000      0x1a4 counter_la_fir.elf-crt0_vex.o
                0x0000000010000000                _start
                0x0000000010000020                trap_entry
 *crt0*(.text)
 *(.text.isr)
                0x00000000100001a4                _etext = .
 .text          0x00000000100001a4        0xc counter_la_fir.elf-isr.o
                0x00000000100001a4                isr
 .text          0x00000000100001b0        0x0 counter_la_fir.elf-fir.o
 .text          0x00000000100001b0      0x1a8 counter_la_fir.elf-counter_la_fir.o
                0x00000000100001b0                putchar
                0x00000000100001fc                print
                0x0000000010000234                main

.rela.dyn       0x0000000010000358        0x0
 .rela.text     0x0000000010000358        0x0 counter_la_fir.elf-crt0_vex.o

.rodata         0x0000000010000358        0x0
                0x0000000010000358                . = ALIGN (0x8)
 *fill*         0x0000000010000358        0x0 
                0x0000000010000358                _frodata = .
 *(.rodata .rodata.* .gnu.linkonce.r.*)
 *(.rodata1)
                0x0000000010000358                . = ALIGN (0x8)
                0x0000000010000358                _erodata = .

.data           0x0000000000000000       0x30 load address 0x0000000010000358
                0x0000000000000000                . = ALIGN (0x8)
                0x0000000000000000                _fdata = .
 *(.data .data.* .gnu.linkonce.d.*)
 .data          0x0000000000000000        0x0 counter_la_fir.elf-crt0_vex.o
 .data          0x0000000000000000        0x0 counter_la_fir.elf-isr.o
 .data          0x0000000000000000       0x2c counter_la_fir.elf-fir.o
                0x0000000000000000                taps
 .data          0x000000000000002c        0x0 counter_la_fir.elf-counter_la_fir.o
 *(.data1)
                0x0000000000000030                _gp = ALIGN (0x10)
 *(.sdata .sdata.* .gnu.linkonce.s.*)
 .sdata         0x000000000000002c        0x4 counter_la_fir.elf-fir.o
                0x000000000000002c                data_length
                0x0000000000000030                . = ALIGN (0x8)
                0x0000000000000030                _edata = .

.indata         0x0000000000000030      0x100 load address 0x0000000010000388
 .indata        0x0000000000000030      0x100 counter_la_fir.elf-fir.o
                0x0000000000000030                inputsignal

.outdata        0x0000000000000130      0x100 load address 0x0000000010000488
 .outdata       0x0000000000000130      0x100 counter_la_fir.elf-fir.o
                0x0000000000000130                outputsignal

.bss            0x0000000000000230        0x8 load address 0x0000000010000588
                0x0000000000000230                . = ALIGN (0x8)
                0x0000000000000230                _fbss = .
 *(.dynsbss)
 *(.sbss .sbss.* .gnu.linkonce.sb.*)
 .sbss          0x0000000000000230        0x8 counter_la_fir.elf-fir.o
                0x0000000000000230                reg_fir_y
                0x0000000000000234                reg_fir_x
 *(.scommon)
 *(.dynbss)
 *(.bss .bss.* .gnu.linkonce.b.*)
 .bss           0x0000000000000238        0x0 counter_la_fir.elf-crt0_vex.o
 .bss           0x0000000000000238        0x0 counter_la_fir.elf-isr.o
 .bss           0x0000000000000238        0x0 counter_la_fir.elf-fir.o
 .bss           0x0000000000000238        0x0 counter_la_fir.elf-counter_la_fir.o
 *(COMMON)
                0x0000000000000238                . = ALIGN (0x8)
                0x0000000000000238                _ebss = .
                0x0000000000000238                _end = .

.mprjram        0x0000000038000000      0x128 load address 0x0000000010000588
                0x0000000038000000                . = ALIGN (0x8)
                0x0000000038000000                _fsram = .
 *libgcc.a:*(.text .text.*)
 .mprjram       0x0000000038000000      0x128 counter_la_fir.elf-fir.o
                0x0000000038000000                initfir
                0x0000000038000044                start
                0x0000000038000068                input
                0x0000000038000078                output
                0x0000000038000088                fir

.inputdata      0x0000000038400000        0x0 load address 0x00000000100006b0
                0x0000000038400000                . = ALIGN (0x8)
                0x0000000038400000                _finputdata = .
 *libgcc.a:*(.text .text.*)

.outputdata     0x0000000038401000        0x0 load address 0x00000000100006b0
                0x0000000038401000                . = ALIGN (0x8)
                0x0000000038401000                _foutputdata = .
 *libgcc.a:*(.text .text.*)
                0x0000000000000600                PROVIDE (_fstack = (ORIGIN (dff2) + LENGTH (dff2)))
                0x0000000010000358                PROVIDE (_fdata_rom = LOADADDR (.data))
                [!provide]                        PROVIDE (_edata_rom = (LOADADDR (.data) + SIZEOF (.data)))
                0x0000000038000128                PROVIDE (_esram = (ORIGIN (mprjram) + SIZEOF (.mprjram)))
                0x0000000010000588                PROVIDE (_esram_rom = LOADADDR (.mprjram))
                0x0000000038400000                PROVIDE (_inputdata = (ORIGIN (inputdata) + SIZEOF (.inputdata)))
                0x00000000100006b0                PROVIDE (_inputdata_rom = LOADADDR (.inputdata))
                0x0000000038401000                PROVIDE (_outputdata = (ORIGIN (outputdata) + SIZEOF (.outputdata)))
                0x00000000100006b0                PROVIDE (_outputdata_rom = LOADADDR (.outputdata))
LOAD counter_la_fir.elf-crt0_vex.o
LOAD counter_la_fir.elf-isr.o
LOAD counter_la_fir.elf-fir.o
LOAD counter_la_fir.elf-counter_la_fir.o
LOAD /opt/riscv/lib/gcc/riscv32-unknown-elf/12.1.0/libgcc.a
START GROUP
LOAD /opt/riscv/lib/gcc/riscv32-unknown-elf/12.1.0/../../../../riscv32-unknown-elf/lib/libc.a
LOAD /opt/riscv/lib/gcc/riscv32-unknown-elf/12.1.0/../../../../riscv32-unknown-elf/lib/libgloss.a
END GROUP
LOAD /opt/riscv/lib/gcc/riscv32-unknown-elf/12.1.0/libgcc.a
OUTPUT(counter_la_fir.elf elf32-littleriscv)

.riscv.attributes
                0x0000000000000000       0x20
 .riscv.attributes
                0x0000000000000000       0x1e counter_la_fir.elf-crt0_vex.o
 .riscv.attributes
                0x000000000000001e       0x20 counter_la_fir.elf-isr.o
 .riscv.attributes
                0x000000000000003e       0x1c counter_la_fir.elf-fir.o
 .riscv.attributes
                0x000000000000005a       0x1c counter_la_fir.elf-counter_la_fir.o

.comment        0x0000000000000000       0x1b
 .comment       0x0000000000000000       0x1b counter_la_fir.elf-isr.o
                                         0x1c (size before relaxing)
 .comment       0x000000000000001b       0x1c counter_la_fir.elf-fir.o
 .comment       0x000000000000001b       0x1c counter_la_fir.elf-counter_la_fir.o

.debug_line     0x0000000000000000      0xa6e
 .debug_line    0x0000000000000000      0x270 counter_la_fir.elf-crt0_vex.o
 .debug_line    0x0000000000000270       0x76 counter_la_fir.elf-isr.o
 .debug_line    0x00000000000002e6      0x2af counter_la_fir.elf-fir.o
 .debug_line    0x0000000000000595      0x4d9 counter_la_fir.elf-counter_la_fir.o

.debug_line_str
                0x0000000000000000       0xd8
 .debug_line_str
                0x0000000000000000       0x58 counter_la_fir.elf-crt0_vex.o
 .debug_line_str
                0x0000000000000058       0x1f counter_la_fir.elf-isr.o
                                         0xb6 (size before relaxing)
 .debug_line_str
                0x0000000000000077       0x49 counter_la_fir.elf-fir.o
                                         0xd7 (size before relaxing)
 .debug_line_str
                0x00000000000000c0       0x18 counter_la_fir.elf-counter_la_fir.o
                                        0x108 (size before relaxing)

.debug_info     0x0000000000000000      0x3f1
 .debug_info    0x0000000000000000       0x25 counter_la_fir.elf-crt0_vex.o
 .debug_info    0x0000000000000025       0xb4 counter_la_fir.elf-isr.o
 .debug_info    0x00000000000000d9      0x1c7 counter_la_fir.elf-fir.o
 .debug_info    0x00000000000002a0      0x151 counter_la_fir.elf-counter_la_fir.o

.debug_abbrev   0x0000000000000000      0x286
 .debug_abbrev  0x0000000000000000       0x14 counter_la_fir.elf-crt0_vex.o
 .debug_abbrev  0x0000000000000014       0x7f counter_la_fir.elf-isr.o
 .debug_abbrev  0x0000000000000093       0xe9 counter_la_fir.elf-fir.o
 .debug_abbrev  0x000000000000017c      0x10a counter_la_fir.elf-counter_la_fir.o

.debug_aranges  0x0000000000000000       0xa0
 .debug_aranges
                0x0000000000000000       0x20 counter_la_fir.elf-crt0_vex.o
 .debug_aranges
                0x0000000000000020       0x20 counter_la_fir.elf-isr.o
 .debug_aranges
                0x0000000000000040       0x40 counter_la_fir.elf-fir.o
 .debug_aranges
                0x0000000000000080       0x20 counter_la_fir.elf-counter_la_fir.o

.debug_str      0x0000000000000000      0x190
 .debug_str     0x0000000000000000       0x64 counter_la_fir.elf-crt0_vex.o
 .debug_str     0x0000000000000064       0xb7 counter_la_fir.elf-isr.o
                                         0xf0 (size before relaxing)
 .debug_str     0x000000000000011b       0x62 counter_la_fir.elf-fir.o
                                        0x149 (size before relaxing)
 .debug_str     0x000000000000017d       0x13 counter_la_fir.elf-counter_la_fir.o
                                        0x100 (size before relaxing)

.debug_loclists
                0x0000000000000000       0xc6
 .debug_loclists
                0x0000000000000000       0x19 counter_la_fir.elf-isr.o
 .debug_loclists
                0x0000000000000019       0x31 counter_la_fir.elf-fir.o
 .debug_loclists
                0x000000000000004a       0x7c counter_la_fir.elf-counter_la_fir.o

.debug_frame    0x0000000000000000      0x11c
 .debug_frame   0x0000000000000000       0x20 counter_la_fir.elf-isr.o
 .debug_frame   0x0000000000000020       0x88 counter_la_fir.elf-fir.o
 .debug_frame   0x00000000000000a8       0x74 counter_la_fir.elf-counter_la_fir.o

.debug_rnglists
                0x0000000000000000       0x4d
 .debug_rnglists
                0x0000000000000000       0x4d counter_la_fir.elf-fir.o
