Archive member included to satisfy reference by file (symbol)

/opt/riscv/lib/gcc/riscv32-unknown-elf/12.1.0/libgcc.a(muldi3.o)
                              uart.elf-uart.o (__mulsi3)

Memory Configuration

Name             Origin             Length             Attributes
vexriscv_debug   0x00000000f00f0000 0x0000000000000100
dff              0x0000000000000000 0x0000000000000400
dff2             0x0000000000000400 0x0000000000000200
flash            0x0000000010000000 0x0000000001000000
mprj             0x0000000030000000 0x0000000000100000
mprjram          0x0000000038000000 0x0000000000400000
hk               0x0000000026000000 0x0000000000100000
csr              0x00000000f0000000 0x0000000000010000
*default*        0x0000000000000000 0xffffffffffffffff

Linker script and memory map

                0x0000000000000000                __DYNAMIC = 0x0

.text           0x0000000010000000      0x198
                0x0000000010000000                _ftext = .
 *crt0*(.text)
 .text          0x0000000010000000      0x148 uart.elf-crt0_vex.o
                0x0000000010000000                _start
                0x0000000010000020                trap_entry
 *crt0*(.text)
 *(.text.isr)
                0x0000000010000148                _etext = .
 .text          0x0000000010000148       0x50 uart.elf-isr.o
                0x0000000010000148                isr
 .text          0x0000000010000198        0x0 uart.elf-uart.o
 .text          0x0000000010000198        0x0 uart.elf-counter_la_uart.o

.mprj           0x0000000010000198      0x100
 .mprj          0x0000000010000198      0x100 uart.elf-uart.o
                0x0000000010000198                uart_end
                0x00000000100001a4                uart_write
                0x00000000100001bc                uart_write_char
                0x0000000010000200                uart_write_string
                0x0000000010000234                uart_read_char
                0x0000000010000264                uart_read

.text.startup   0x0000000010000298      0x274
 .text.startup  0x0000000010000298      0x274 uart.elf-counter_la_uart.o
                0x0000000010000298                main

.rodata         0x000000001000050c        0x4
                0x0000000010000510                . = ALIGN (0x8)
 *fill*         0x000000001000050c        0x4 
                0x0000000010000510                _frodata = .
 *(.rodata .rodata.* .gnu.linkonce.r.*)
 *(.rodata1)
                0x0000000010000510                . = ALIGN (0x8)
                0x0000000010000510                _erodata = .

.data           0x0000000000000000      0x1e0 load address 0x0000000010000510
                0x0000000000000000                . = ALIGN (0x8)
                0x0000000000000000                _fdata = .
 *(.data .data.* .gnu.linkonce.d.*)
 .data          0x0000000000000000        0x0 uart.elf-crt0_vex.o
 .data          0x0000000000000000        0x0 uart.elf-isr.o
 .data          0x0000000000000000      0x1d4 uart.elf-uart.o
                0x0000000000000000                taps
                0x000000000000002c                inputsignal
                0x000000000000012c                A
                0x000000000000016c                B
                0x00000000000001ac                C
 .data          0x00000000000001d4        0x0 uart.elf-counter_la_uart.o
 .data          0x00000000000001d4        0x0 /opt/riscv/lib/gcc/riscv32-unknown-elf/12.1.0/libgcc.a(muldi3.o)
 *(.data1)
                0x00000000000001e0                _gp = ALIGN (0x10)
 *(.sdata .sdata.* .gnu.linkonce.s.*)
 .sdata         0x00000000000001d4        0x4 uart.elf-isr.o
                0x00000000000001d4                counter
 .sdata         0x00000000000001d8        0x4 uart.elf-uart.o
                0x00000000000001d8                endflag
                0x00000000000001e0                . = ALIGN (0x8)
 *fill*         0x00000000000001dc        0x4 
                0x00000000000001e0                _edata = .

.bss            0x00000000000001e0      0x170 load address 0x00000000100006f0
                0x00000000000001e0                . = ALIGN (0x8)
                0x00000000000001e0                _fbss = .
 *(.dynsbss)
 *(.sbss .sbss.* .gnu.linkonce.sb.*)
 *(.scommon)
 *(.dynbss)
 *(.bss .bss.* .gnu.linkonce.b.*)
 .bss           0x00000000000001e0        0x0 uart.elf-crt0_vex.o
 .bss           0x00000000000001e0        0x0 uart.elf-isr.o
 .bss           0x00000000000001e0      0x16c uart.elf-uart.o
                0x00000000000001e0                inputbuffer
                0x000000000000020c                outputsignal
                0x000000000000030c                result
 .bss           0x000000000000034c        0x0 uart.elf-counter_la_uart.o
 .bss           0x000000000000034c        0x0 /opt/riscv/lib/gcc/riscv32-unknown-elf/12.1.0/libgcc.a(muldi3.o)
 *(COMMON)
                0x0000000000000350                . = ALIGN (0x8)
 *fill*         0x000000000000034c        0x4 
                0x0000000000000350                _ebss = .
                0x0000000000000350                _end = .

.mprjram        0x0000000038000000      0x340 load address 0x00000000100006f0
                0x0000000038000000                . = ALIGN (0x8)
                0x0000000038000000                _fsram = .
 *libgcc.a:*(.text .text.*)
 .text          0x0000000038000000       0x24 /opt/riscv/lib/gcc/riscv32-unknown-elf/12.1.0/libgcc.a(muldi3.o)
                0x0000000038000000                __mulsi3
 .mprjram       0x0000000038000024      0x31c uart.elf-uart.o
                0x0000000038000024                initfir
                0x0000000038000050                firfilter
                0x00000000380000e4                fir
                0x000000003800014c                matmul
                0x0000000038000248                partition
                0x00000000380002bc                sort
                0x0000000038000318                qsort
                0x000000003800033c                check
                0x0000000000000600                PROVIDE (_fstack = (ORIGIN (dff2) + LENGTH (dff2)))
                0x0000000010000510                PROVIDE (_fdata_rom = LOADADDR (.data))
                [!provide]                        PROVIDE (_edata_rom = (LOADADDR (.data) + SIZEOF (.data)))
                0x0000000038000340                PROVIDE (_esram = (ORIGIN (mprjram) + SIZEOF (.mprjram)))
                0x00000000100006f0                PROVIDE (_esram_rom = LOADADDR (.mprjram))
LOAD uart.elf-crt0_vex.o
LOAD uart.elf-isr.o
LOAD uart.elf-uart.o
LOAD uart.elf-counter_la_uart.o
LOAD /opt/riscv/lib/gcc/riscv32-unknown-elf/12.1.0/libgcc.a
START GROUP
LOAD /opt/riscv/lib/gcc/riscv32-unknown-elf/12.1.0/../../../../riscv32-unknown-elf/lib/libc.a
LOAD /opt/riscv/lib/gcc/riscv32-unknown-elf/12.1.0/../../../../riscv32-unknown-elf/lib/libgloss.a
END GROUP
LOAD /opt/riscv/lib/gcc/riscv32-unknown-elf/12.1.0/libgcc.a
OUTPUT(uart.elf elf32-littleriscv)

.rela.dyn       0x0000000038000340        0x0 load address 0x0000000010000a30
 .rela.text     0x0000000038000340        0x0 uart.elf-crt0_vex.o

.riscv.attributes
                0x0000000000000000       0x20
 .riscv.attributes
                0x0000000000000000       0x1e uart.elf-crt0_vex.o
 .riscv.attributes
                0x000000000000001e       0x20 uart.elf-isr.o
 .riscv.attributes
                0x000000000000003e       0x1c uart.elf-uart.o
 .riscv.attributes
                0x000000000000005a       0x20 uart.elf-counter_la_uart.o
 .riscv.attributes
                0x000000000000007a       0x1a /opt/riscv/lib/gcc/riscv32-unknown-elf/12.1.0/libgcc.a(muldi3.o)

.comment        0x0000000000000000       0x1b
 .comment       0x0000000000000000       0x1b uart.elf-isr.o
                                         0x1c (size before relaxing)
 .comment       0x000000000000001b       0x1c uart.elf-uart.o
 .comment       0x000000000000001b       0x1c uart.elf-counter_la_uart.o

.debug_line     0x0000000000000000     0x13f1
 .debug_line    0x0000000000000000      0x20a uart.elf-crt0_vex.o
 .debug_line    0x000000000000020a      0x15f uart.elf-isr.o
 .debug_line    0x0000000000000369      0x8ee uart.elf-uart.o
 .debug_line    0x0000000000000c57      0x720 uart.elf-counter_la_uart.o
 .debug_line    0x0000000000001377       0x7a /opt/riscv/lib/gcc/riscv32-unknown-elf/12.1.0/libgcc.a(muldi3.o)

.debug_line_str
                0x0000000000000000      0x17f
 .debug_line_str
                0x0000000000000000       0x4d uart.elf-crt0_vex.o
 .debug_line_str
                0x000000000000004d       0x83 uart.elf-isr.o
                                        0x104 (size before relaxing)
 .debug_line_str
                0x00000000000000d0        0x9 uart.elf-uart.o
                                         0xc7 (size before relaxing)
 .debug_line_str
                0x00000000000000d9       0x12 uart.elf-counter_la_uart.o
                                        0x119 (size before relaxing)
 .debug_line_str
                0x00000000000000eb       0x94 /opt/riscv/lib/gcc/riscv32-unknown-elf/12.1.0/libgcc.a(muldi3.o)

.debug_info     0x0000000000000000      0x917
 .debug_info    0x0000000000000000       0x25 uart.elf-crt0_vex.o
 .debug_info    0x0000000000000025      0x1e3 uart.elf-isr.o
 .debug_info    0x0000000000000208      0x4e3 uart.elf-uart.o
 .debug_info    0x00000000000006eb      0x1fd uart.elf-counter_la_uart.o
 .debug_info    0x00000000000008e8       0x2f /opt/riscv/lib/gcc/riscv32-unknown-elf/12.1.0/libgcc.a(muldi3.o)

.debug_abbrev   0x0000000000000000      0x551
 .debug_abbrev  0x0000000000000000       0x14 uart.elf-crt0_vex.o
 .debug_abbrev  0x0000000000000014      0x183 uart.elf-isr.o
 .debug_abbrev  0x0000000000000197      0x210 uart.elf-uart.o
 .debug_abbrev  0x00000000000003a7      0x189 uart.elf-counter_la_uart.o
 .debug_abbrev  0x0000000000000530       0x21 /opt/riscv/lib/gcc/riscv32-unknown-elf/12.1.0/libgcc.a(muldi3.o)

.debug_aranges  0x0000000000000000      0x108
 .debug_aranges
                0x0000000000000000       0x20 uart.elf-crt0_vex.o
 .debug_aranges
                0x0000000000000020       0x20 uart.elf-isr.o
 .debug_aranges
                0x0000000000000040       0x88 uart.elf-uart.o
 .debug_aranges
                0x00000000000000c8       0x20 uart.elf-counter_la_uart.o
 .debug_aranges
                0x00000000000000e8       0x20 /opt/riscv/lib/gcc/riscv32-unknown-elf/12.1.0/libgcc.a(muldi3.o)

.debug_str      0x0000000000000000      0x309
 .debug_str     0x0000000000000000       0x59 uart.elf-crt0_vex.o
 .debug_str     0x0000000000000059      0x124 uart.elf-isr.o
                                        0x165 (size before relaxing)
 .debug_str     0x000000000000017d       0xcc uart.elf-uart.o
                                        0x1dc (size before relaxing)
 .debug_str     0x0000000000000249       0x2c uart.elf-counter_la_uart.o
                                        0x149 (size before relaxing)
 .debug_str     0x0000000000000275       0x94 /opt/riscv/lib/gcc/riscv32-unknown-elf/12.1.0/libgcc.a(muldi3.o)
                                         0xa9 (size before relaxing)

.debug_loclists
                0x0000000000000000      0x323
 .debug_loclists
                0x0000000000000000       0x5d uart.elf-isr.o
 .debug_loclists
                0x000000000000005d      0x244 uart.elf-uart.o
 .debug_loclists
                0x00000000000002a1       0x82 uart.elf-counter_la_uart.o

.debug_rnglists
                0x0000000000000000      0x11e
 .debug_rnglists
                0x0000000000000000       0x28 uart.elf-isr.o
 .debug_rnglists
                0x0000000000000028       0xe0 uart.elf-uart.o
 .debug_rnglists
                0x0000000000000108       0x16 uart.elf-counter_la_uart.o

.debug_frame    0x0000000000000000      0x21c
 .debug_frame   0x0000000000000000       0x34 uart.elf-isr.o
 .debug_frame   0x0000000000000034      0x1b4 uart.elf-uart.o
 .debug_frame   0x00000000000001e8       0x34 uart.elf-counter_la_uart.o
