Archive member included to satisfy reference by file (symbol)

/opt/riscv/lib/gcc/riscv32-unknown-elf/12.1.0/libgcc.a(muldi3.o)
                              uart.elf-uart.o (__mulsi3)

Memory Configuration

Name             Origin             Length             Attributes
vexriscv_debug   0x00000000f00f0000 0x0000000000000100
dff              0x0000000000000000 0x0000000000000400
dff2             0x0000000000000400 0x0000000000000200
flash            0x0000000010000000 0x0000000001000000
mprj             0x0000000030000000 0x0000000000100000
mprjram          0x0000000038000000 0x0000000000001000
inputdata        0x0000000038001000 0x0000000000001000
outputdata       0x0000000038002000 0x0000000000001000
hk               0x0000000026000000 0x0000000000100000
csr              0x00000000f0000000 0x0000000000010000
*default*        0x0000000000000000 0xffffffffffffffff

Linker script and memory map

                0x0000000000000000                __DYNAMIC = 0x0

.text           0x0000000010000000      0x1f8
                0x0000000010000000                _ftext = .
 *crt0*(.text)
 .text          0x0000000010000000      0x1a8 uart.elf-crt0_vex.o
                0x0000000010000000                _start
                0x0000000010000020                trap_entry
 *crt0*(.text)
 *(.text.isr)
                0x00000000100001a8                _etext = .
 .text          0x00000000100001a8       0x50 uart.elf-isr.o
                0x00000000100001a8                isr
 .text          0x00000000100001f8        0x0 uart.elf-uart.o
 .text          0x00000000100001f8        0x0 uart.elf-counter_la_uart.o

.mprj           0x00000000100001f8      0x100
 .mprj          0x00000000100001f8      0x100 uart.elf-uart.o
                0x00000000100001f8                uart_end
                0x0000000010000204                uart_write
                0x000000001000021c                uart_write_char
                0x0000000010000260                uart_write_string
                0x0000000010000294                uart_read_char
                0x00000000100002c4                uart_read

.text.startup   0x00000000100002f8      0x14c
 .text.startup  0x00000000100002f8      0x14c uart.elf-counter_la_uart.o
                0x00000000100002f8                main

.rodata         0x0000000010000444        0x4
                0x0000000010000448                . = ALIGN (0x8)
 *fill*         0x0000000010000444        0x4 
                0x0000000010000448                _frodata = .
 *(.rodata .rodata.* .gnu.linkonce.r.*)
 *(.rodata1)
                0x0000000010000448                . = ALIGN (0x8)
                0x0000000010000448                _erodata = .

.data           0x0000000000000000      0x108 load address 0x0000000010000448
                0x0000000000000000                . = ALIGN (0x8)
                0x0000000000000000                _fdata = .
 *(.data .data.* .gnu.linkonce.d.*)
 .data          0x0000000000000000        0x0 uart.elf-crt0_vex.o
 .data          0x0000000000000000        0x0 uart.elf-isr.o
 .data          0x0000000000000000      0x100 uart.elf-uart.o
                0x0000000000000000                taps
                0x000000000000002c                inputsignal
                0x0000000000000058                A
                0x0000000000000098                B
                0x00000000000000d8                C
 .data          0x0000000000000100        0x0 uart.elf-counter_la_uart.o
 .data          0x0000000000000100        0x0 /opt/riscv/lib/gcc/riscv32-unknown-elf/12.1.0/libgcc.a(muldi3.o)
 *(.data1)
                0x0000000000000100                _gp = ALIGN (0x10)
 *(.sdata .sdata.* .gnu.linkonce.s.*)
 .sdata         0x0000000000000100        0x4 uart.elf-isr.o
                0x0000000000000100                counter
 .sdata         0x0000000000000104        0x4 uart.elf-uart.o
                0x0000000000000104                endflag
                0x0000000000000108                . = ALIGN (0x8)
                0x0000000000000108                _edata = .

.bss            0x0000000000000108       0x98 load address 0x0000000010000550
                0x0000000000000108                . = ALIGN (0x8)
                0x0000000000000108                _fbss = .
 *(.dynsbss)
 *(.sbss .sbss.* .gnu.linkonce.sb.*)
 *(.scommon)
 *(.dynbss)
 *(.bss .bss.* .gnu.linkonce.b.*)
 .bss           0x0000000000000108        0x0 uart.elf-crt0_vex.o
 .bss           0x0000000000000108        0x0 uart.elf-isr.o
 .bss           0x0000000000000108       0x98 uart.elf-uart.o
                0x0000000000000108                inputbuffer
                0x0000000000000134                outputsignal
                0x0000000000000160                result
 .bss           0x00000000000001a0        0x0 uart.elf-counter_la_uart.o
 .bss           0x00000000000001a0        0x0 /opt/riscv/lib/gcc/riscv32-unknown-elf/12.1.0/libgcc.a(muldi3.o)
 *(COMMON)
                0x00000000000001a0                . = ALIGN (0x8)
                0x00000000000001a0                _ebss = .
                0x00000000000001a0                _end = .

.mprjram        0x0000000038000000      0x340 load address 0x0000000010000550
                0x0000000038000000                . = ALIGN (0x8)
                0x0000000038000000                _fsram = .
 *libgcc.a:*(.text .text.*)
 .text          0x0000000038000000       0x24 /opt/riscv/lib/gcc/riscv32-unknown-elf/12.1.0/libgcc.a(muldi3.o)
                0x0000000038000000                __mulsi3
 .mprjram       0x0000000038000024      0x31c uart.elf-uart.o
                0x0000000038000024                initfir
                0x0000000038000050                firfilter
                0x00000000380000e4                fir
                0x000000003800014c                matmul
                0x0000000038000248                partition
                0x00000000380002bc                sort
                0x0000000038000318                qsort
                0x000000003800033c                check

.rela.dyn       0x0000000038000340        0x0 load address 0x0000000010000890
 .rela.text     0x0000000038000340        0x0 uart.elf-crt0_vex.o

.inputdata      0x0000000038001000        0x0 load address 0x0000000010000890
                0x0000000038001000                . = ALIGN (0x8)
                0x0000000038001000                _finputdata = .
 *libgcc.a:*(.text .text.*)

.outputdata     0x0000000038002000        0x0 load address 0x0000000010000890
                0x0000000038002000                . = ALIGN (0x8)
                0x0000000038002000                _foutputdata = .
 *libgcc.a:*(.text .text.*)
                0x0000000000000600                PROVIDE (_fstack = (ORIGIN (dff2) + LENGTH (dff2)))
                0x0000000010000448                PROVIDE (_fdata_rom = LOADADDR (.data))
                [!provide]                        PROVIDE (_edata_rom = (LOADADDR (.data) + SIZEOF (.data)))
                0x0000000038000340                PROVIDE (_esram = (ORIGIN (mprjram) + SIZEOF (.mprjram)))
                0x0000000010000550                PROVIDE (_esram_rom = LOADADDR (.mprjram))
                0x0000000038001000                PROVIDE (_inputdata = (ORIGIN (inputdata) + SIZEOF (.inputdata)))
                0x0000000010000890                PROVIDE (_inputdata_rom = LOADADDR (.inputdata))
                0x0000000038002000                PROVIDE (_outputdata = (ORIGIN (outputdata) + SIZEOF (.outputdata)))
                0x0000000010000890                PROVIDE (_outputdata_rom = LOADADDR (.outputdata))
LOAD uart.elf-crt0_vex.o
LOAD uart.elf-isr.o
LOAD uart.elf-uart.o
LOAD uart.elf-counter_la_uart.o
LOAD /opt/riscv/lib/gcc/riscv32-unknown-elf/12.1.0/libgcc.a
START GROUP
LOAD /opt/riscv/lib/gcc/riscv32-unknown-elf/12.1.0/../../../../riscv32-unknown-elf/lib/libc.a
LOAD /opt/riscv/lib/gcc/riscv32-unknown-elf/12.1.0/../../../../riscv32-unknown-elf/lib/libgloss.a
END GROUP
LOAD /opt/riscv/lib/gcc/riscv32-unknown-elf/12.1.0/libgcc.a
OUTPUT(uart.elf elf32-littleriscv)

.riscv.attributes
                0x0000000000000000       0x20
 .riscv.attributes
                0x0000000000000000       0x1e uart.elf-crt0_vex.o
 .riscv.attributes
                0x000000000000001e       0x20 uart.elf-isr.o
 .riscv.attributes
                0x000000000000003e       0x1c uart.elf-uart.o
 .riscv.attributes
                0x000000000000005a       0x20 uart.elf-counter_la_uart.o
 .riscv.attributes
                0x000000000000007a       0x1a /opt/riscv/lib/gcc/riscv32-unknown-elf/12.1.0/libgcc.a(muldi3.o)

.comment        0x0000000000000000       0x1b
 .comment       0x0000000000000000       0x1b uart.elf-isr.o
                                         0x1c (size before relaxing)
 .comment       0x000000000000001b       0x1c uart.elf-uart.o
 .comment       0x000000000000001b       0x1c uart.elf-counter_la_uart.o

.debug_line     0x0000000000000000     0x11e7
 .debug_line    0x0000000000000000      0x276 uart.elf-crt0_vex.o
 .debug_line    0x0000000000000276      0x15f uart.elf-isr.o
 .debug_line    0x00000000000003d5      0x8ee uart.elf-uart.o
 .debug_line    0x0000000000000cc3      0x4aa uart.elf-counter_la_uart.o
 .debug_line    0x000000000000116d       0x7a /opt/riscv/lib/gcc/riscv32-unknown-elf/12.1.0/libgcc.a(muldi3.o)

.debug_line_str
                0x0000000000000000      0x17f
 .debug_line_str
                0x0000000000000000       0x4d uart.elf-crt0_vex.o
 .debug_line_str
                0x000000000000004d       0x83 uart.elf-isr.o
                                        0x104 (size before relaxing)
 .debug_line_str
                0x00000000000000d0        0x9 uart.elf-uart.o
                                         0xc7 (size before relaxing)
 .debug_line_str
                0x00000000000000d9       0x12 uart.elf-counter_la_uart.o
                                        0x119 (size before relaxing)
 .debug_line_str
                0x00000000000000eb       0x94 /opt/riscv/lib/gcc/riscv32-unknown-elf/12.1.0/libgcc.a(muldi3.o)

.debug_info     0x0000000000000000      0x8ee
 .debug_info    0x0000000000000000       0x25 uart.elf-crt0_vex.o
 .debug_info    0x0000000000000025      0x1e3 uart.elf-isr.o
 .debug_info    0x0000000000000208      0x4d3 uart.elf-uart.o
 .debug_info    0x00000000000006db      0x1e4 uart.elf-counter_la_uart.o
 .debug_info    0x00000000000008bf       0x2f /opt/riscv/lib/gcc/riscv32-unknown-elf/12.1.0/libgcc.a(muldi3.o)

.debug_abbrev   0x0000000000000000      0x53e
 .debug_abbrev  0x0000000000000000       0x14 uart.elf-crt0_vex.o
 .debug_abbrev  0x0000000000000014      0x183 uart.elf-isr.o
 .debug_abbrev  0x0000000000000197      0x210 uart.elf-uart.o
 .debug_abbrev  0x00000000000003a7      0x176 uart.elf-counter_la_uart.o
 .debug_abbrev  0x000000000000051d       0x21 /opt/riscv/lib/gcc/riscv32-unknown-elf/12.1.0/libgcc.a(muldi3.o)

.debug_aranges  0x0000000000000000      0x108
 .debug_aranges
                0x0000000000000000       0x20 uart.elf-crt0_vex.o
 .debug_aranges
                0x0000000000000020       0x20 uart.elf-isr.o
 .debug_aranges
                0x0000000000000040       0x88 uart.elf-uart.o
 .debug_aranges
                0x00000000000000c8       0x20 uart.elf-counter_la_uart.o
 .debug_aranges
                0x00000000000000e8       0x20 /opt/riscv/lib/gcc/riscv32-unknown-elf/12.1.0/libgcc.a(muldi3.o)

.debug_str      0x0000000000000000      0x309
 .debug_str     0x0000000000000000       0x59 uart.elf-crt0_vex.o
 .debug_str     0x0000000000000059      0x124 uart.elf-isr.o
                                        0x165 (size before relaxing)
 .debug_str     0x000000000000017d       0xcc uart.elf-uart.o
                                        0x1dc (size before relaxing)
 .debug_str     0x0000000000000249       0x2c uart.elf-counter_la_uart.o
                                        0x143 (size before relaxing)
 .debug_str     0x0000000000000275       0x94 /opt/riscv/lib/gcc/riscv32-unknown-elf/12.1.0/libgcc.a(muldi3.o)
                                         0xa9 (size before relaxing)

.debug_loclists
                0x0000000000000000      0x301
 .debug_loclists
                0x0000000000000000       0x5d uart.elf-isr.o
 .debug_loclists
                0x000000000000005d      0x244 uart.elf-uart.o
 .debug_loclists
                0x00000000000002a1       0x60 uart.elf-counter_la_uart.o

.debug_rnglists
                0x0000000000000000      0x11e
 .debug_rnglists
                0x0000000000000000       0x28 uart.elf-isr.o
 .debug_rnglists
                0x0000000000000028       0xe0 uart.elf-uart.o
 .debug_rnglists
                0x0000000000000108       0x16 uart.elf-counter_la_uart.o

.debug_frame    0x0000000000000000      0x21c
 .debug_frame   0x0000000000000000       0x34 uart.elf-isr.o
 .debug_frame   0x0000000000000034      0x1b4 uart.elf-uart.o
 .debug_frame   0x00000000000001e8       0x34 uart.elf-counter_la_uart.o
