Archive member included to satisfy reference by file (symbol)

/opt/riscv/lib/gcc/riscv32-unknown-elf/12.1.0/libgcc.a(muldi3.o)
                              uart.elf-uart.o (__mulsi3)

Memory Configuration

Name             Origin             Length             Attributes
vexriscv_debug   0x00000000f00f0000 0x0000000000000100
dff              0x0000000000000000 0x0000000000000400
dff2             0x0000000000000400 0x0000000000000200
flash            0x0000000010000000 0x0000000001000000
mprj             0x0000000030000000 0x0000000000100000
mprjram          0x0000000038000000 0x0000000000002000
inputdata        0x0000000038002000 0x0000000000001000
outputdata       0x0000000038003000 0x0000000000001000
hk               0x0000000026000000 0x0000000000100000
csr              0x00000000f0000000 0x0000000000010000
*default*        0x0000000000000000 0xffffffffffffffff

Linker script and memory map

                0x0000000000000000                __DYNAMIC = 0x0

.text           0x0000000010000000      0x1f8
                0x0000000010000000                _ftext = .
 *crt0*(.text)
 .text          0x0000000010000000      0x1a8 uart.elf-crt0_vex.o
                0x0000000010000000                _start
                0x0000000010000020                trap_entry
 *crt0*(.text)
 *(.text.isr)
                0x00000000100001a8                _etext = .
 .text          0x00000000100001a8       0x50 uart.elf-isr.o
                0x00000000100001a8                isr
 .text          0x00000000100001f8        0x0 uart.elf-uart.o
 .text          0x00000000100001f8        0x0 uart.elf-counter_la_uart.o

.mprj           0x00000000100001f8      0x100
 .mprj          0x00000000100001f8      0x100 uart.elf-uart.o
                0x00000000100001f8                uart_end
                0x0000000010000204                uart_write
                0x000000001000021c                uart_write_char
                0x0000000010000260                uart_write_string
                0x0000000010000294                uart_read_char
                0x00000000100002c4                uart_read

.text.startup   0x00000000100002f8      0x220
 .text.startup  0x00000000100002f8      0x220 uart.elf-counter_la_uart.o
                0x00000000100002f8                main

.rodata         0x0000000010000518        0x0
                0x0000000010000518                . = ALIGN (0x8)
 *fill*         0x0000000010000518        0x0 
                0x0000000010000518                _frodata = .
 *(.rodata .rodata.* .gnu.linkonce.r.*)
 *(.rodata1)
                0x0000000010000518                . = ALIGN (0x8)
                0x0000000010000518                _erodata = .

.data           0x0000000000000000       0xe0 load address 0x0000000010000518
                0x0000000000000000                . = ALIGN (0x8)
                0x0000000000000000                _fdata = .
 *(.data .data.* .gnu.linkonce.d.*)
 .data          0x0000000000000000        0x0 uart.elf-crt0_vex.o
 .data          0x0000000000000000        0x0 uart.elf-isr.o
 .data          0x0000000000000000       0xd4 uart.elf-uart.o
                0x0000000000000000                taps
                0x000000000000002c                A
                0x000000000000006c                B
                0x00000000000000ac                C
 .data          0x00000000000000d4        0x0 uart.elf-counter_la_uart.o
 .data          0x00000000000000d4        0x0 /opt/riscv/lib/gcc/riscv32-unknown-elf/12.1.0/libgcc.a(muldi3.o)
 *(.data1)
                0x00000000000000e0                _gp = ALIGN (0x10)
 *(.sdata .sdata.* .gnu.linkonce.s.*)
 .sdata         0x00000000000000d4        0x4 uart.elf-isr.o
                0x00000000000000d4                counter
 .sdata         0x00000000000000d8        0x8 uart.elf-uart.o
                0x00000000000000d8                endflag
                0x00000000000000dc                data_length
                0x00000000000000e0                . = ALIGN (0x8)
                0x00000000000000e0                _edata = .

.bss            0x00000000000000e0       0x48 load address 0x00000000100005f8
                0x00000000000000e0                . = ALIGN (0x8)
                0x00000000000000e0                _fbss = .
 *(.dynsbss)
 *(.sbss .sbss.* .gnu.linkonce.sb.*)
 .sbss          0x00000000000000e0        0x4 uart.elf-uart.o
                0x00000000000000e0                reg_fir_y
 *(.scommon)
 *(.dynbss)
 *(.bss .bss.* .gnu.linkonce.b.*)
 .bss           0x00000000000000e4        0x0 uart.elf-crt0_vex.o
 .bss           0x00000000000000e4        0x0 uart.elf-isr.o
 .bss           0x00000000000000e4       0x40 uart.elf-uart.o
                0x00000000000000e4                result
 .bss           0x0000000000000124        0x0 uart.elf-counter_la_uart.o
 .bss           0x0000000000000124        0x0 /opt/riscv/lib/gcc/riscv32-unknown-elf/12.1.0/libgcc.a(muldi3.o)
 *(COMMON)
                0x0000000000000128                . = ALIGN (0x8)
 *fill*         0x0000000000000124        0x4 
                0x0000000000000128                _ebss = .
                0x0000000000000128                _end = .

.mprjram        0x0000000038000000      0x2a0 load address 0x00000000100005f8
                0x0000000038000000                . = ALIGN (0x8)
                0x0000000038000000                _fsram = .
 *libgcc.a:*(.text .text.*)
 .text          0x0000000038000000       0x24 /opt/riscv/lib/gcc/riscv32-unknown-elf/12.1.0/libgcc.a(muldi3.o)
                0x0000000038000000                __mulsi3
 .mprjram       0x0000000038000024      0x27c uart.elf-uart.o
                0x0000000038000024                initfir
                0x0000000038000054                ap_start
                0x0000000038000074                start_DMA
                0x000000003800008c                check_output
                0x00000000380000a8                fir
                0x00000000380000ac                matmul
                0x00000000380001a8                partition
                0x000000003800021c                sort
                0x0000000038000278                qsort
                0x000000003800029c                check

.rela.dyn       0x00000000380002a0        0x0 load address 0x0000000010000898
 .rela.text     0x00000000380002a0        0x0 uart.elf-crt0_vex.o

.inputdata      0x0000000038002000      0x100 load address 0x0000000010000898
                0x0000000038002000                . = ALIGN (0x8)
                0x0000000038002000                _finputdata = .
 *libgcc.a:*(.text .text.*)
 .inputdata     0x0000000038002000      0x100 uart.elf-uart.o
                0x0000000038002000                inputsignal

.outputdata     0x0000000038003000      0x100 load address 0x0000000010000998
                0x0000000038003000                . = ALIGN (0x8)
                0x0000000038003000                _foutputdata = .
 *libgcc.a:*(.text .text.*)
 .outputdata    0x0000000038003000      0x100 uart.elf-uart.o
                0x0000000038003000                outputsignal
                0x0000000000000600                PROVIDE (_fstack = (ORIGIN (dff2) + LENGTH (dff2)))
                0x0000000010000518                PROVIDE (_fdata_rom = LOADADDR (.data))
                [!provide]                        PROVIDE (_edata_rom = (LOADADDR (.data) + SIZEOF (.data)))
                0x00000000380002a0                PROVIDE (_esram = (ORIGIN (mprjram) + SIZEOF (.mprjram)))
                0x00000000100005f8                PROVIDE (_esram_rom = LOADADDR (.mprjram))
                0x0000000038002100                PROVIDE (_inputdata = (ORIGIN (inputdata) + SIZEOF (.inputdata)))
                0x0000000010000898                PROVIDE (_inputdata_rom = LOADADDR (.inputdata))
                0x0000000038003100                PROVIDE (_outputdata = (ORIGIN (outputdata) + SIZEOF (.outputdata)))
                0x0000000010000998                PROVIDE (_outputdata_rom = LOADADDR (.outputdata))
LOAD uart.elf-crt0_vex.o
LOAD uart.elf-isr.o
LOAD uart.elf-uart.o
LOAD uart.elf-counter_la_uart.o
LOAD /opt/riscv/lib/gcc/riscv32-unknown-elf/12.1.0/libgcc.a
START GROUP
LOAD /opt/riscv/lib/gcc/riscv32-unknown-elf/12.1.0/../../../../riscv32-unknown-elf/lib/libc.a
LOAD /opt/riscv/lib/gcc/riscv32-unknown-elf/12.1.0/../../../../riscv32-unknown-elf/lib/libgloss.a
END GROUP
LOAD /opt/riscv/lib/gcc/riscv32-unknown-elf/12.1.0/libgcc.a
OUTPUT(uart.elf elf32-littleriscv)

.riscv.attributes
                0x0000000000000000       0x20
 .riscv.attributes
                0x0000000000000000       0x1e uart.elf-crt0_vex.o
 .riscv.attributes
                0x000000000000001e       0x20 uart.elf-isr.o
 .riscv.attributes
                0x000000000000003e       0x1c uart.elf-uart.o
 .riscv.attributes
                0x000000000000005a       0x20 uart.elf-counter_la_uart.o
 .riscv.attributes
                0x000000000000007a       0x1a /opt/riscv/lib/gcc/riscv32-unknown-elf/12.1.0/libgcc.a(muldi3.o)

.comment        0x0000000000000000       0x1b
 .comment       0x0000000000000000       0x1b uart.elf-isr.o
                                         0x1c (size before relaxing)
 .comment       0x000000000000001b       0x1c uart.elf-uart.o
 .comment       0x000000000000001b       0x1c uart.elf-counter_la_uart.o

.debug_line     0x0000000000000000     0x127b
 .debug_line    0x0000000000000000      0x276 uart.elf-crt0_vex.o
 .debug_line    0x0000000000000276      0x15f uart.elf-isr.o
 .debug_line    0x00000000000003d5      0x7c6 uart.elf-uart.o
 .debug_line    0x0000000000000b9b      0x666 uart.elf-counter_la_uart.o
 .debug_line    0x0000000000001201       0x7a /opt/riscv/lib/gcc/riscv32-unknown-elf/12.1.0/libgcc.a(muldi3.o)

.debug_line_str
                0x0000000000000000      0x183
 .debug_line_str
                0x0000000000000000       0x51 uart.elf-crt0_vex.o
 .debug_line_str
                0x0000000000000051       0x83 uart.elf-isr.o
                                        0x10c (size before relaxing)
 .debug_line_str
                0x00000000000000d4        0x9 uart.elf-uart.o
                                         0xcf (size before relaxing)
 .debug_line_str
                0x00000000000000dd       0x12 uart.elf-counter_la_uart.o
                                        0x121 (size before relaxing)
 .debug_line_str
                0x00000000000000ef       0x94 /opt/riscv/lib/gcc/riscv32-unknown-elf/12.1.0/libgcc.a(muldi3.o)

.debug_info     0x0000000000000000      0x920
 .debug_info    0x0000000000000000       0x25 uart.elf-crt0_vex.o
 .debug_info    0x0000000000000025      0x1e3 uart.elf-isr.o
 .debug_info    0x0000000000000208      0x4cb uart.elf-uart.o
 .debug_info    0x00000000000006d3      0x21e uart.elf-counter_la_uart.o
 .debug_info    0x00000000000008f1       0x2f /opt/riscv/lib/gcc/riscv32-unknown-elf/12.1.0/libgcc.a(muldi3.o)

.debug_abbrev   0x0000000000000000      0x576
 .debug_abbrev  0x0000000000000000       0x14 uart.elf-crt0_vex.o
 .debug_abbrev  0x0000000000000014      0x183 uart.elf-isr.o
 .debug_abbrev  0x0000000000000197      0x210 uart.elf-uart.o
 .debug_abbrev  0x00000000000003a7      0x1ae uart.elf-counter_la_uart.o
 .debug_abbrev  0x0000000000000555       0x21 /opt/riscv/lib/gcc/riscv32-unknown-elf/12.1.0/libgcc.a(muldi3.o)

.debug_aranges  0x0000000000000000      0x118
 .debug_aranges
                0x0000000000000000       0x20 uart.elf-crt0_vex.o
 .debug_aranges
                0x0000000000000020       0x20 uart.elf-isr.o
 .debug_aranges
                0x0000000000000040       0x98 uart.elf-uart.o
 .debug_aranges
                0x00000000000000d8       0x20 uart.elf-counter_la_uart.o
 .debug_aranges
                0x00000000000000f8       0x20 /opt/riscv/lib/gcc/riscv32-unknown-elf/12.1.0/libgcc.a(muldi3.o)

.debug_str      0x0000000000000000      0x31a
 .debug_str     0x0000000000000000       0x5d uart.elf-crt0_vex.o
 .debug_str     0x000000000000005d      0x124 uart.elf-isr.o
                                        0x165 (size before relaxing)
 .debug_str     0x0000000000000181       0xd9 uart.elf-uart.o
                                        0x1f1 (size before relaxing)
 .debug_str     0x000000000000025a       0x2c uart.elf-counter_la_uart.o
                                        0x150 (size before relaxing)
 .debug_str     0x0000000000000286       0x94 /opt/riscv/lib/gcc/riscv32-unknown-elf/12.1.0/libgcc.a(muldi3.o)
                                         0xa9 (size before relaxing)

.debug_loclists
                0x0000000000000000      0x2f7
 .debug_loclists
                0x0000000000000000       0x5d uart.elf-isr.o
 .debug_loclists
                0x000000000000005d      0x20b uart.elf-uart.o
 .debug_loclists
                0x0000000000000268       0x8f uart.elf-counter_la_uart.o

.debug_rnglists
                0x0000000000000000       0xee
 .debug_rnglists
                0x0000000000000000       0x28 uart.elf-isr.o
 .debug_rnglists
                0x0000000000000028       0x9d uart.elf-uart.o
 .debug_rnglists
                0x00000000000000c5       0x29 uart.elf-counter_la_uart.o

.debug_frame    0x0000000000000000      0x208
 .debug_frame   0x0000000000000000       0x34 uart.elf-isr.o
 .debug_frame   0x0000000000000034      0x198 uart.elf-uart.o
 .debug_frame   0x00000000000001cc       0x3c uart.elf-counter_la_uart.o
