Archive member included to satisfy reference by file (symbol)

/opt/riscv/lib/gcc/riscv32-unknown-elf/12.1.0/libgcc.a(muldi3.o)
                              counter_la_fir.elf-fir.o (__mulsi3)

Memory Configuration

Name             Origin             Length             Attributes
vexriscv_debug   0x00000000f00f0000 0x0000000000000100
dff              0x0000000000000000 0x0000000000000400
dff2             0x0000000000000400 0x0000000000000200
flash            0x0000000010000000 0x0000000001000000
mprj             0x0000000030000000 0x0000000000100000
mprjram          0x0000000038000000 0x0000000000001000
inputdata        0x0000000038001000 0x0000000000001000
outputdata       0x0000000038002000 0x0000000000001000
hk               0x0000000026000000 0x0000000000100000
csr              0x00000000f0000000 0x0000000000010000
*default*        0x0000000000000000 0xffffffffffffffff

Linker script and memory map

                0x0000000000000000                __DYNAMIC = 0x0

.text           0x0000000010000000      0x7e4
                0x0000000010000000                _ftext = .
 *crt0*(.text)
 .text          0x0000000010000000      0x1a4 counter_la_fir.elf-crt0_vex.o
                0x0000000010000000                _start
                0x0000000010000020                trap_entry
 *crt0*(.text)
 *(.text.isr)
                0x00000000100001a4                _etext = .
 .text          0x00000000100001a4       0x8c counter_la_fir.elf-isr.o
                0x0000000010000204                isr
 .text          0x0000000010000230        0x0 counter_la_fir.elf-fir.o
 .text          0x0000000010000230      0x5b4 counter_la_fir.elf-counter_la_fir.o
                0x0000000010000268                putchar
                0x00000000100002d0                print
                0x0000000010000324                main

.rodata         0x00000000100007e4        0x4
                0x00000000100007e8                . = ALIGN (0x8)
 *fill*         0x00000000100007e4        0x4 
                0x00000000100007e8                _frodata = .
 *(.rodata .rodata.* .gnu.linkonce.r.*)
 *(.rodata1)
                0x00000000100007e8                . = ALIGN (0x8)
                0x00000000100007e8                _erodata = .

.data           0x0000000000000000       0xd8 load address 0x00000000100007e8
                0x0000000000000000                . = ALIGN (0x8)
                0x0000000000000000                _fdata = .
 *(.data .data.* .gnu.linkonce.d.*)
 .data          0x0000000000000000        0x0 counter_la_fir.elf-crt0_vex.o
 .data          0x0000000000000000        0x0 counter_la_fir.elf-isr.o
 .data          0x0000000000000000       0xd4 counter_la_fir.elf-fir.o
                0x0000000000000000                taps
                0x000000000000002c                A
                0x000000000000006c                B
                0x00000000000000ac                C
 .data          0x00000000000000d4        0x0 counter_la_fir.elf-counter_la_fir.o
 .data          0x00000000000000d4        0x0 /opt/riscv/lib/gcc/riscv32-unknown-elf/12.1.0/libgcc.a(muldi3.o)
 *(.data1)
                0x00000000000000e0                _gp = ALIGN (0x10)
 *(.sdata .sdata.* .gnu.linkonce.s.*)
 .sdata         0x00000000000000d4        0x4 counter_la_fir.elf-fir.o
                0x00000000000000d4                endflag
                0x00000000000000d8                . = ALIGN (0x8)
                0x00000000000000d8                _edata = .

.indata         0x00000000000000d8      0x100 load address 0x00000000100008c0
 .indata        0x00000000000000d8      0x100 counter_la_fir.elf-fir.o
                0x00000000000000d8                inputsignal

.outdata        0x00000000000001d8      0x100 load address 0x00000000100009c0
 .outdata       0x00000000000001d8      0x100 counter_la_fir.elf-fir.o
                0x00000000000001d8                outputsignal

.bss            0x00000000000002d8       0x70 load address 0x0000000010000ac0
                0x00000000000002d8                . = ALIGN (0x8)
                0x00000000000002d8                _fbss = .
 *(.dynsbss)
 *(.sbss .sbss.* .gnu.linkonce.sb.*)
 *(.scommon)
 *(.dynbss)
 *(.bss .bss.* .gnu.linkonce.b.*)
 .bss           0x00000000000002d8        0x0 counter_la_fir.elf-crt0_vex.o
 .bss           0x00000000000002d8        0x0 counter_la_fir.elf-isr.o
 .bss           0x00000000000002d8       0x6c counter_la_fir.elf-fir.o
                0x00000000000002d8                inputbuffer
                0x0000000000000304                result
 .bss           0x0000000000000344        0x0 counter_la_fir.elf-counter_la_fir.o
 .bss           0x0000000000000344        0x0 /opt/riscv/lib/gcc/riscv32-unknown-elf/12.1.0/libgcc.a(muldi3.o)
 *(COMMON)
                0x0000000000000348                . = ALIGN (0x8)
 *fill*         0x0000000000000344        0x4 
                0x0000000000000348                _ebss = .
                0x0000000000000348                _end = .

.mprjram        0x0000000038000000      0x1fc load address 0x0000000010000ac0
                0x0000000038000000                . = ALIGN (0x8)
                0x0000000038000000                _fsram = .
 *libgcc.a:*(.text .text.*)
 .text          0x0000000038000000       0x24 /opt/riscv/lib/gcc/riscv32-unknown-elf/12.1.0/libgcc.a(muldi3.o)
                0x0000000038000000                __mulsi3
 .mprjram       0x0000000038000024      0x1d8 counter_la_fir.elf-fir.o
                0x0000000038000024                initfir
                0x000000003800008c                firfilter
                0x000000003800017c                fir

.rela.dyn       0x00000000380001fc        0x0 load address 0x0000000010000cbc
 .rela.text     0x00000000380001fc        0x0 counter_la_fir.elf-crt0_vex.o

.inputdata      0x0000000038001000        0x0 load address 0x0000000010000cbc
                0x0000000038001000                . = ALIGN (0x8)
                0x0000000038001000                _finputdata = .
 *libgcc.a:*(.text .text.*)

.outputdata     0x0000000038002000        0x0 load address 0x0000000010000cbc
                0x0000000038002000                . = ALIGN (0x8)
                0x0000000038002000                _foutputdata = .
 *libgcc.a:*(.text .text.*)
                0x0000000000000600                PROVIDE (_fstack = (ORIGIN (dff2) + LENGTH (dff2)))
                0x00000000100007e8                PROVIDE (_fdata_rom = LOADADDR (.data))
                [!provide]                        PROVIDE (_edata_rom = (LOADADDR (.data) + SIZEOF (.data)))
                0x00000000380001fc                PROVIDE (_esram = (ORIGIN (mprjram) + SIZEOF (.mprjram)))
                0x0000000010000ac0                PROVIDE (_esram_rom = LOADADDR (.mprjram))
                0x0000000038001000                PROVIDE (_inputdata = (ORIGIN (inputdata) + SIZEOF (.inputdata)))
                0x0000000010000cbc                PROVIDE (_inputdata_rom = LOADADDR (.inputdata))
                0x0000000038002000                PROVIDE (_outputdata = (ORIGIN (outputdata) + SIZEOF (.outputdata)))
                0x0000000010000cbc                PROVIDE (_outputdata_rom = LOADADDR (.outputdata))
LOAD counter_la_fir.elf-crt0_vex.o
LOAD counter_la_fir.elf-isr.o
LOAD counter_la_fir.elf-fir.o
LOAD counter_la_fir.elf-counter_la_fir.o
LOAD /opt/riscv/lib/gcc/riscv32-unknown-elf/12.1.0/libgcc.a
START GROUP
LOAD /opt/riscv/lib/gcc/riscv32-unknown-elf/12.1.0/../../../../riscv32-unknown-elf/lib/libc.a
LOAD /opt/riscv/lib/gcc/riscv32-unknown-elf/12.1.0/../../../../riscv32-unknown-elf/lib/libgloss.a
END GROUP
LOAD /opt/riscv/lib/gcc/riscv32-unknown-elf/12.1.0/libgcc.a
OUTPUT(counter_la_fir.elf elf32-littleriscv)

.riscv.attributes
                0x0000000000000000       0x20
 .riscv.attributes
                0x0000000000000000       0x1e counter_la_fir.elf-crt0_vex.o
 .riscv.attributes
                0x000000000000001e       0x20 counter_la_fir.elf-isr.o
 .riscv.attributes
                0x000000000000003e       0x1c counter_la_fir.elf-fir.o
 .riscv.attributes
                0x000000000000005a       0x1c counter_la_fir.elf-counter_la_fir.o
 .riscv.attributes
                0x0000000000000076       0x1a /opt/riscv/lib/gcc/riscv32-unknown-elf/12.1.0/libgcc.a(muldi3.o)

.comment        0x0000000000000000       0x1b
 .comment       0x0000000000000000       0x1b counter_la_fir.elf-isr.o
                                         0x1c (size before relaxing)
 .comment       0x000000000000001b       0x1c counter_la_fir.elf-fir.o
 .comment       0x000000000000001b       0x1c counter_la_fir.elf-counter_la_fir.o

.debug_line     0x0000000000000000      0xb1a
 .debug_line    0x0000000000000000      0x270 counter_la_fir.elf-crt0_vex.o
 .debug_line    0x0000000000000270       0x9e counter_la_fir.elf-isr.o
 .debug_line    0x000000000000030e      0x1cb counter_la_fir.elf-fir.o
 .debug_line    0x00000000000004d9      0x5c7 counter_la_fir.elf-counter_la_fir.o
 .debug_line    0x0000000000000aa0       0x7a /opt/riscv/lib/gcc/riscv32-unknown-elf/12.1.0/libgcc.a(muldi3.o)

.debug_line_str
                0x0000000000000000      0x175
 .debug_line_str
                0x0000000000000000       0x58 counter_la_fir.elf-crt0_vex.o
 .debug_line_str
                0x0000000000000058       0x28 counter_la_fir.elf-isr.o
                                         0xbf (size before relaxing)
 .debug_line_str
                0x0000000000000080        0x6 counter_la_fir.elf-fir.o
                                         0x94 (size before relaxing)
 .debug_line_str
                0x0000000000000086       0x5b counter_la_fir.elf-counter_la_fir.o
                                        0x111 (size before relaxing)
 .debug_line_str
                0x00000000000000e1       0x94 /opt/riscv/lib/gcc/riscv32-unknown-elf/12.1.0/libgcc.a(muldi3.o)

.debug_info     0x0000000000000000      0x423
 .debug_info    0x0000000000000000       0x25 counter_la_fir.elf-crt0_vex.o
 .debug_info    0x0000000000000025       0xc5 counter_la_fir.elf-isr.o
 .debug_info    0x00000000000000ea      0x1d7 counter_la_fir.elf-fir.o
 .debug_info    0x00000000000002c1      0x133 counter_la_fir.elf-counter_la_fir.o
 .debug_info    0x00000000000003f4       0x2f /opt/riscv/lib/gcc/riscv32-unknown-elf/12.1.0/libgcc.a(muldi3.o)

.debug_abbrev   0x0000000000000000      0x2ac
 .debug_abbrev  0x0000000000000000       0x14 counter_la_fir.elf-crt0_vex.o
 .debug_abbrev  0x0000000000000014       0x86 counter_la_fir.elf-isr.o
 .debug_abbrev  0x000000000000009a      0x10c counter_la_fir.elf-fir.o
 .debug_abbrev  0x00000000000001a6       0xe5 counter_la_fir.elf-counter_la_fir.o
 .debug_abbrev  0x000000000000028b       0x21 /opt/riscv/lib/gcc/riscv32-unknown-elf/12.1.0/libgcc.a(muldi3.o)

.debug_aranges  0x0000000000000000       0xb0
 .debug_aranges
                0x0000000000000000       0x20 counter_la_fir.elf-crt0_vex.o
 .debug_aranges
                0x0000000000000020       0x20 counter_la_fir.elf-isr.o
 .debug_aranges
                0x0000000000000040       0x30 counter_la_fir.elf-fir.o
 .debug_aranges
                0x0000000000000070       0x20 counter_la_fir.elf-counter_la_fir.o
 .debug_aranges
                0x0000000000000090       0x20 /opt/riscv/lib/gcc/riscv32-unknown-elf/12.1.0/libgcc.a(muldi3.o)

.debug_str      0x0000000000000000      0x256
 .debug_str     0x0000000000000000       0x64 counter_la_fir.elf-crt0_vex.o
 .debug_str     0x0000000000000064       0xd5 counter_la_fir.elf-isr.o
                                        0x10e (size before relaxing)
 .debug_str     0x0000000000000139       0x64 counter_la_fir.elf-fir.o
                                         0xc8 (size before relaxing)
 .debug_str     0x000000000000019d       0x1c counter_la_fir.elf-counter_la_fir.o
                                        0x11e (size before relaxing)
 .debug_str     0x00000000000001b9       0x9d /opt/riscv/lib/gcc/riscv32-unknown-elf/12.1.0/libgcc.a(muldi3.o)
                                         0xa9 (size before relaxing)

.debug_frame    0x0000000000000000      0x1f8
 .debug_frame   0x0000000000000000       0xa4 counter_la_fir.elf-isr.o
 .debug_frame   0x00000000000000a4       0x84 counter_la_fir.elf-fir.o
 .debug_frame   0x0000000000000128       0xd0 counter_la_fir.elf-counter_la_fir.o

.debug_rnglists
                0x0000000000000000       0x28
 .debug_rnglists
                0x0000000000000000       0x28 counter_la_fir.elf-fir.o
